// Jest Snapshot v1, https://goo.gl/fbAQLP

exports[`App renders app 1`] = `
<div
  className="app"
>
  <Form
    handleSubmit={[Function]}
  />
  <Graph
    data={
      Array [
        Object {
          "comment": "Lorem ipsum",
          "email": "john@email.com",
          "name": "John",
          "rating": 3,
        },
        Object {
          "comment": "Lorem ipsum",
          "email": "jane@email.com",
          "name": "Jane",
          "rating": 2,
        },
      ]
    }
  />
  <List
    data={
      Array [
        Object {
          "comment": "Lorem ipsum",
          "email": "john@email.com",
          "name": "John",
          "rating": 3,
        },
        Object {
          "comment": "Lorem ipsum",
          "email": "jane@email.com",
          "name": "Jane",
          "rating": 2,
        },
      ]
    }
  />
</div>
`;
